// Jest Snapshot v1, https://goo.gl/fbAQLP

exports[`App Should correctly render App in debug mode 1`] = `
<div>
  <h1>
    Hello World
  </h1>
</div>
`;
